// Jest Snapshot v1, https://goo.gl/fbAQLP

exports[`Index Should render app without crashing 1`] = `"{\\"default\\":{},\\"_reactInternalInstance\\":\\"censored\\"}"`;
